BL51 BANKED LINKER/LOCATER V6.22.2.0                                                    06/26/2019  14:37:47  PAGE 1


BL51 BANKED LINKER/LOCATER V6.22.2.0, INVOKED BY:
F:\KEIL_V5\C51\BIN\BL51.EXE .\Objects\STARTUP.obj, .\Objects\test1.obj TO .\Objects\test PRINT (.\Listings\test.m51) RAM
>> SIZE (256)


MEMORY MODEL: SMALL


INPUT MODULES INCLUDED:
  .\Objects\STARTUP.obj (?C_STARTUP)
  .\Objects\test1.obj (TEST1)
  F:\KEIL_V5\C51\LIB\C51S.LIB (?C_INIT)
  F:\KEIL_V5\C51\LIB\C51S.LIB (?C?CLDPTR)


LINK MAP OF MODULE:  .\Objects\test (?C_STARTUP)


            TYPE    BASE      LENGTH    RELOCATION   SEGMENT NAME
            -----------------------------------------------------

            * * * * * * *   D A T A   M E M O R Y   * * * * * * *
            REG     0000H     0008H     ABSOLUTE     "REG BANK 0"
            DATA    0008H     000BH     UNIT         ?DT?TEST1
            DATA    0013H     0003H     UNIT         ?DT?_UART0SENDSTRING?TEST1
            DATA    0016H     0003H     UNIT         _DATA_GROUP_
            IDATA   0019H     0001H     UNIT         ?STACK

            * * * * * * *   C O D E   M E M O R Y   * * * * * * *
            CODE    0000H     0003H     ABSOLUTE     
            CODE    0003H     001EH     UNIT         ?PR?_DELAYMS?TEST1
                    0021H     0002H                  *** GAP ***
            CODE    0023H     0003H     ABSOLUTE     
            CODE    0026H     00DFH     UNIT         ?PR?COM_INT?TEST1
            CODE    0105H     008CH     UNIT         ?C_C51STARTUP
            CODE    0191H     002BH     UNIT         ?PR?MAIN?TEST1
            CODE    01BCH     0025H     UNIT         ?PR?_UART0SENDSTRING?TEST1
            CODE    01E1H     001CH     UNIT         ?PR?_DELAY_1MS?TEST1
            CODE    01FDH     0019H     UNIT         ?C?LIB_CODE
            CODE    0216H     0016H     UNIT         ?PR?_DELAYMS_XC?TEST1
            CODE    022CH     0014H     UNIT         ?PR?USARTCONFIGURATION?TEST1
            CODE    0240H     0013H     UNIT         ?PR?_DELAY1MS_XC?TEST1
            CODE    0253H     000DH     UNIT         ?PR?TINGZHI?TEST1
            CODE    0260H     000DH     UNIT         ?C_INITSEG
            CODE    026DH     000CH     UNIT         ?PR?BUZZ_1?TEST1
            CODE    0279H     000AH     UNIT         ?CO?TEST1
            CODE    0283H     0009H     UNIT         ?PR?QIANJIN?TEST1
            CODE    028CH     0009H     UNIT         ?PR?HOUTUI?TEST1
            CODE    0295H     0009H     UNIT         ?PR?YOUZHUAN?TEST1
            CODE    029EH     0009H     UNIT         ?PR?ZUOZHUAN?TEST1
            CODE    02A7H     0008H     UNIT         ?PR?_UART0SENDBYTE?TEST1



OVERLAY MAP OF MODULE:   .\Objects\test (?C_STARTUP)


SEGMENT                                DATA_GROUP 
BL51 BANKED LINKER/LOCATER V6.22.2.0                                                  06/26/2019  14:37:47  PAGE 2


  +--> CALLED SEGMENT                START    LENGTH
----------------------------------------------------
?C_C51STARTUP                        -----    -----
  +--> ?PR?MAIN?TEST1
  +--> ?C_INITSEG

?PR?MAIN?TEST1                       0016H    0001H
  +--> ?CO?TEST1
  +--> ?PR?_DELAY_1MS?TEST1
  +--> ?PR?BUZZ_1?TEST1
  +--> ?PR?USARTCONFIGURATION?TEST1

?PR?BUZZ_1?TEST1                     -----    -----
  +--> ?PR?_DELAY_1MS?TEST1

*** NEW ROOT ***************************************************

?PR?COM_INT?TEST1                    0017H    0002H
  +--> ?CO?TEST1
  +--> ?PR?TINGZHI?TEST1
  +--> ?PR?_DELAYMS_XC?TEST1
  +--> ?PR?QIANJIN?TEST1
  +--> ?PR?BUZZ_1?TEST1
  +--> ?PR?HOUTUI?TEST1
  +--> ?PR?ZUOZHUAN?TEST1
  +--> ?PR?YOUZHUAN?TEST1
  +--> ?PR?_DELAY_1MS?TEST1



SYMBOL TABLE OF MODULE:  .\Objects\test (?C_STARTUP)

  VALUE           TYPE          NAME
  ----------------------------------

  -------         MODULE        ?C_STARTUP
  C:0105H         SEGMENT       ?C_C51STARTUP
  I:0019H         SEGMENT       ?STACK
  C:0000H         PUBLIC        ?C_STARTUP
  D:00E0H         SYMBOL        ACC
  D:00F0H         SYMBOL        B
  D:0083H         SYMBOL        DPH
  D:0082H         SYMBOL        DPL
  N:0000H         SYMBOL        IBPSTACK
  N:0100H         SYMBOL        IBPSTACKTOP
  N:0080H         SYMBOL        IDATALEN
  C:0108H         SYMBOL        IDATALOOP
  N:0000H         SYMBOL        PBPSTACK
  N:0100H         SYMBOL        PBPSTACKTOP
  N:0000H         SYMBOL        PDATALEN
  N:0000H         SYMBOL        PDATASTART
  N:0000H         SYMBOL        PPAGE
  N:0000H         SYMBOL        PPAGEENABLE
  D:00A0H         SYMBOL        PPAGE_SFR
  D:0081H         SYMBOL        SP
  C:0105H         SYMBOL        STARTUP1
  N:0000H         SYMBOL        XBPSTACK
BL51 BANKED LINKER/LOCATER V6.22.2.0                                                  06/26/2019  14:37:47  PAGE 3


  N:0000H         SYMBOL        XBPSTACKTOP
  N:0000H         SYMBOL        XDATALEN
  N:0000H         SYMBOL        XDATASTART
  C:0000H         LINE#         126
  C:0105H         LINE#         133
  C:0107H         LINE#         134
  C:0108H         LINE#         135
  C:0109H         LINE#         136
  C:010BH         LINE#         185
  C:010EH         LINE#         196
  -------         ENDMOD        ?C_STARTUP

  -------         MODULE        TEST1
  C:0000H         SYMBOL        _ICE_DUMMY_
  D:0080H         PUBLIC        P0
  C:0240H         PUBLIC        _Delay1ms_XC
  D:0090H         PUBLIC        P1
  C:0257H         PUBLIC        tingzhi
  D:00A0H         PUBLIC        P2
  D:00B0H         PUBLIC        P3
  B:00B0H.2       PUBLIC        S1
  B:00A8H.7       PUBLIC        EA
  C:0295H         PUBLIC        youzhuan
  D:0008H         PUBLIC        PuZh
  C:029EH         PUBLIC        zuozhuan
  D:00A8H         PUBLIC        IE
  C:02A7H         PUBLIC        _UART0SendByte
  B:00A8H.4       PUBLIC        ES
  D:00B8H         PUBLIC        IP
  B:0098H.0       PUBLIC        RI
  B:0098H.1       PUBLIC        TI
  C:028CH         PUBLIC        houtui
  D:00CBH         PUBLIC        RCAP2H
  D:00CAH         PUBLIC        RCAP2L
  C:0191H         PUBLIC        main
  C:0026H         PUBLIC        Com_Int
  D:0099H         PUBLIC        SBUF
  D:0087H         PUBLIC        PCON
  D:0098H         PUBLIC        SCON
  D:0088H         PUBLIC        TCON
  C:0279H         PUBLIC        LedShowData
  B:0090H.2       PUBLIC        M1A
  B:0090H.4       PUBLIC        M2A
  B:0090H.3       PUBLIC        M1B
  B:0090H.5       PUBLIC        M2B
  B:00A0H.3       PUBLIC        BUZZ
  C:026DH         PUBLIC        BUZZ_1
  D:0012H         PUBLIC        a
  C:01E1H         PUBLIC        _Delay_1ms
  D:00C8H         PUBLIC        T2CON
  C:0283H         PUBLIC        qianjin
  C:0216H         PUBLIC        _delayms_XC
  C:0003H         PUBLIC        _delayms
  C:022CH         PUBLIC        UsartConfiguration
  C:01BCH         PUBLIC        _UART0SendString
  D:00D0H         PUBLIC        PSW
  -------         PROC          COM_INT
BL51 BANKED LINKER/LOCATER V6.22.2.0                                                  06/26/2019  14:37:47  PAGE 4


  -------         DO            
  D:0017H         SYMBOL        i
  D:0018H         SYMBOL        receive_data
  -------         ENDDO         
  C:0026H         LINE#         63
  C:0043H         LINE#         67
  C:0045H         LINE#         69
  C:0048H         LINE#         70
  C:0048H         LINE#         71
  C:004AH         LINE#         72
  C:004DH         LINE#         73
  C:0052H         LINE#         74
  C:0052H         LINE#         75
  C:0055H         LINE#         76
  C:0058H         LINE#         77
  C:005DH         LINE#         78
  C:0060H         LINE#         79
  C:0063H         LINE#         80
  C:0066H         LINE#         81
  C:0066H         LINE#         82
  C:006BH         LINE#         83
  C:006BH         LINE#         84
  C:006EH         LINE#         85
  C:0071H         LINE#         86
  C:0076H         LINE#         87
  C:0079H         LINE#         88
  C:007CH         LINE#         89
  C:007FH         LINE#         90
  C:007FH         LINE#         91
  C:0084H         LINE#         92
  C:0084H         LINE#         93
  C:0087H         LINE#         94
  C:008AH         LINE#         95
  C:008FH         LINE#         96
  C:0092H         LINE#         97
  C:0095H         LINE#         98
  C:0098H         LINE#         99
  C:0098H         LINE#         100
  C:009DH         LINE#         101
  C:009DH         LINE#         102
  C:00A0H         LINE#         103
  C:00A3H         LINE#         104
  C:00A8H         LINE#         105
  C:00ABH         LINE#         106
  C:00AEH         LINE#         107
  C:00B1H         LINE#         108
  C:00B1H         LINE#         109
  C:00B6H         LINE#         110
  C:00B6H         LINE#         111
  C:00B9H         LINE#         112
  C:00BCH         LINE#         113
  C:00BFH         LINE#         114
  C:00C2H         LINE#         115
  C:00C2H         LINE#         116
  C:00C2H         LINE#         118
  C:00D0H         LINE#         119
  C:00D0H         LINE#         120
BL51 BANKED LINKER/LOCATER V6.22.2.0                                                  06/26/2019  14:37:47  PAGE 5


  C:00D8H         LINE#         121
  C:00DBH         LINE#         122
  C:00DDH         LINE#         123
  C:00E4H         LINE#         124
  C:00E8H         LINE#         127
  C:00EAH         LINE#         128
  -------         ENDPROC       COM_INT
  -------         PROC          MAIN
  -------         DO            
  D:0016H         SYMBOL        i
  C:0198H         SYMBOL        B
  -------         ENDDO         
  C:0191H         LINE#         137
  C:0191H         LINE#         138
  C:0191H         LINE#         140
  C:0198H         LINE#         141
  C:01A6H         LINE#         142
  C:01A6H         LINE#         143
  C:01ADH         LINE#         144
  C:01B0H         LINE#         145
  C:01B0H         LINE#         146
  C:01B4H         LINE#         147
  C:01B7H         LINE#         148
  C:01BAH         LINE#         150
  -------         ENDPROC       MAIN
  -------         PROC          USARTCONFIGURATION
  C:022CH         LINE#         160
  C:022CH         LINE#         161
  C:022CH         LINE#         162
  C:022FH         LINE#         163
  C:0232H         LINE#         164
  C:0235H         LINE#         165
  C:0238H         LINE#         166
  C:023BH         LINE#         167
  C:023DH         LINE#         168
  C:023FH         LINE#         169
  -------         ENDPROC       USARTCONFIGURATION
  -------         PROC          _DELAY_1MS
  D:0006H         SYMBOL        i
  -------         DO            
  D:0004H         SYMBOL        x
  D:0005H         SYMBOL        j
  -------         ENDDO         
  C:01E1H         LINE#         178
  C:01E1H         LINE#         179
  C:01E1H         LINE#         182
  C:01EAH         LINE#         183
  C:01FCH         LINE#         184
  -------         ENDPROC       _DELAY_1MS
  -------         PROC          _DELAYMS
  D:0006H         SYMBOL        xms
  -------         DO            
  D:0006H         SYMBOL        i
  D:0004H         SYMBOL        j
  -------         ENDDO         
  C:0003H         LINE#         186
  C:0003H         LINE#         187
BL51 BANKED LINKER/LOCATER V6.22.2.0                                                  06/26/2019  14:37:47  PAGE 6


  C:0003H         LINE#         189
  C:000CH         LINE#         190
  C:0020H         LINE#         191
  -------         ENDPROC       _DELAYMS
  -------         PROC          _DELAYMS_XC
  D:0007H         SYMBOL        x
  -------         DO            
  D:0006H         SYMBOL        i
  -------         ENDDO         
  C:0216H         LINE#         193
  C:0216H         LINE#         194
  C:0216H         LINE#         196
  C:021CH         LINE#         197
  C:021CH         LINE#         198
  C:022BH         LINE#         199
  C:022BH         LINE#         200
  -------         ENDPROC       _DELAYMS_XC
  -------         PROC          _DELAY1MS_XC
  D:0006H         SYMBOL        i
  -------         DO            
  D:0005H         SYMBOL        j
  D:0004H         SYMBOL        k
  -------         ENDDO         
  C:0240H         LINE#         202
  C:0240H         LINE#         203
  C:0240H         LINE#         205
  C:0240H         LINE#         206
  C:0242H         LINE#         207
  C:0242H         LINE#         208
  C:0244H         LINE#         209
  C:0244H         LINE#         210
  C:0245H         LINE#         211
  C:0247H         LINE#         212
  C:0249H         LINE#         213
  C:0252H         LINE#         214
  -------         ENDPROC       _DELAY1MS_XC
  C:0253H         SYMBOL        L?0070
  -------         PROC          L?0069
  -------         ENDPROC       L?0069
  C:0253H         SYMBOL        L?0070
  -------         PROC          TINGZHI
  C:0257H         LINE#         218
  C:0257H         LINE#         219
  C:0257H         LINE#         220
  C:0259H         LINE#         221
  C:025BH         LINE#         222
  C:025DH         LINE#         223
  C:025FH         LINE#         225
  -------         ENDPROC       TINGZHI
  -------         PROC          QIANJIN
  C:0283H         LINE#         227
  C:0283H         LINE#         228
  C:0283H         LINE#         229
  C:0285H         LINE#         230
  C:0287H         LINE#         231
  C:0289H         LINE#         232
  C:028BH         LINE#         233
BL51 BANKED LINKER/LOCATER V6.22.2.0                                                  06/26/2019  14:37:47  PAGE 7


  -------         ENDPROC       QIANJIN
  -------         PROC          HOUTUI
  C:028CH         LINE#         235
  C:028CH         LINE#         236
  C:028CH         LINE#         237
  C:028EH         LINE#         238
  C:0290H         LINE#         239
  C:0292H         LINE#         240
  C:0294H         LINE#         241
  -------         ENDPROC       HOUTUI
  -------         PROC          YOUZHUAN
  C:0295H         LINE#         243
  C:0295H         LINE#         244
  C:0295H         LINE#         245
  C:0297H         LINE#         246
  C:0299H         LINE#         247
  C:029BH         LINE#         248
  C:029DH         LINE#         250
  -------         ENDPROC       YOUZHUAN
  -------         PROC          ZUOZHUAN
  C:029EH         LINE#         252
  C:029EH         LINE#         253
  C:029EH         LINE#         254
  C:02A0H         LINE#         255
  C:02A2H         LINE#         256
  C:02A4H         LINE#         257
  C:02A6H         LINE#         259
  -------         ENDPROC       ZUOZHUAN
  -------         PROC          BUZZ_1
  C:026DH         LINE#         261
  C:026DH         LINE#         262
  C:026DH         LINE#         263
  C:026FH         LINE#         264
  C:0276H         LINE#         265
  C:0278H         LINE#         266
  -------         ENDPROC       BUZZ_1
  -------         PROC          _UART0SENDBYTE
  D:0007H         SYMBOL        c
  C:02A7H         LINE#         275
  C:02A7H         LINE#         276
  C:02A7H         LINE#         277
  C:02A9H         LINE#         278
  C:02ACH         LINE#         279
  C:02AEH         LINE#         280
  -------         ENDPROC       _UART0SENDBYTE
  -------         PROC          _UART0SENDSTRING
  D:0013H         SYMBOL        str
  C:01BCH         LINE#         290
  C:01C2H         LINE#         291
  C:01C2H         LINE#         292
  C:01C2H         LINE#         293
  C:01C2H         LINE#         294
  C:01CDH         LINE#         295
  C:01DEH         LINE#         296
  C:01E0H         LINE#         297
  -------         ENDPROC       _UART0SENDSTRING
  -------         ENDMOD        TEST1
BL51 BANKED LINKER/LOCATER V6.22.2.0                                                  06/26/2019  14:37:47  PAGE 8



  -------         MODULE        ?C?CLDPTR
  C:01FDH         PUBLIC        ?C?CLDPTR
  -------         ENDMOD        ?C?CLDPTR

*** WARNING L16: UNCALLED SEGMENT, IGNORED FOR OVERLAY PROCESS
    SEGMENT: ?PR?_DELAYMS?TEST1

*** WARNING L16: UNCALLED SEGMENT, IGNORED FOR OVERLAY PROCESS
    SEGMENT: ?PR?_DELAY1MS_XC?TEST1

*** WARNING L16: UNCALLED SEGMENT, IGNORED FOR OVERLAY PROCESS
    SEGMENT: ?PR?_UART0SENDSTRING?TEST1

Program Size: data=26.0 xdata=0 code=685
LINK/LOCATE RUN COMPLETE.  3 WARNING(S),  0 ERROR(S)
